probe_started_utc=2026-06-05T08:28:34.241188+00:00
probe_duration_secs=300
raw_values_printed=false
chainlink_connect_ok=True text_messages=0 binary_messages=1196 decoded_reports=1196 parse_errors=0
prr_connect_ok=True text_messages=1172 binary_messages=0 parse_errors=0
chainlink_schema_key_sets={'feedID,fullReport,observationsTimestamp,validFromTimestamp': 1196}
prr_schema_key_sets={'price,symbol,ts': 1172}
prr_type_maps={'price:float,symbol:str,ts:float': 1172}
provider=chainlink_ws symbol=BTC messages=299 interval_ms=n=298 min=195.4 median=1004.6 p95=1215.0 p99=1432.2 max=1690.3 source_lag_ms=n=299 min=251.0 median=397.0 p95=622.1 p99=970.3 max=1210.0 gaps_gt_1500=1 gaps_gt_2000=0 provenance_true_sets={('decoded_fullReport', 'feedID', 'fullReport', 'observationsTimestamp', 'validFromTimestamp'): 299}
provider=chainlink_ws symbol=ETH messages=299 interval_ms=n=298 min=257.7 median=1007.7 p95=1206.4 p99=1438.0 max=1630.3 source_lag_ms=n=299 min=239.0 median=384.0 p95=596.3 p99=959.1 max=1139.0 gaps_gt_1500=1 gaps_gt_2000=0 provenance_true_sets={('decoded_fullReport', 'feedID', 'fullReport', 'observationsTimestamp', 'validFromTimestamp'): 299}
provider=chainlink_ws symbol=SOL messages=299 interval_ms=n=298 min=264.0 median=1007.7 p95=1207.7 p99=1438.6 max=1625.0 source_lag_ms=n=299 min=243.0 median=382.0 p95=601.7 p99=957.0 max=1134.0 gaps_gt_1500=1 gaps_gt_2000=0 provenance_true_sets={('decoded_fullReport', 'feedID', 'fullReport', 'observationsTimestamp', 'validFromTimestamp'): 299}
provider=chainlink_ws symbol=XRP messages=299 interval_ms=n=298 min=259.1 median=1005.7 p95=1208.2 p99=1428.4 max=1630.0 source_lag_ms=n=299 min=246.0 median=386.0 p95=597.2 p99=959.0 max=1139.0 gaps_gt_1500=1 gaps_gt_2000=0 provenance_true_sets={('decoded_fullReport', 'feedID', 'fullReport', 'observationsTimestamp', 'validFromTimestamp'): 299}
provider=prr_ws symbol=BTC messages=293 interval_ms=n=292 min=386.3 median=1044.8 p95=1560.9 p99=1995.6 max=4500.7 source_lag_ms=n=293 min=83.0 median=87.0 p95=107.4 p99=160.4 max=199.0 gaps_gt_1500=19 gaps_gt_2000=3 provenance_true_sets={('price', 'symbol', 'ts'): 293}
provider=prr_ws symbol=ETH messages=293 interval_ms=n=292 min=380.8 median=1046.4 p95=1549.8 p99=1981.5 max=4477.0 source_lag_ms=n=293 min=84.0 median=86.0 p95=99.4 p99=122.0 max=208.0 gaps_gt_1500=20 gaps_gt_2000=2 provenance_true_sets={('price', 'symbol', 'ts'): 293}
provider=prr_ws symbol=SOL messages=293 interval_ms=n=292 min=424.6 median=1049.4 p95=1574.8 p99=2009.1 max=4451.4 source_lag_ms=n=293 min=84.0 median=87.0 p95=105.0 p99=138.5 max=180.0 gaps_gt_1500=22 gaps_gt_2000=4 provenance_true_sets={('price', 'symbol', 'ts'): 293}
provider=prr_ws symbol=XRP messages=293 interval_ms=n=292 min=415.8 median=1049.8 p95=1582.2 p99=1994.4 max=4427.3 source_lag_ms=n=293 min=84.0 median=87.0 p95=103.0 p99=148.6 max=242.0 gaps_gt_1500=21 gaps_gt_2000=3 provenance_true_sets={('price', 'symbol', 'ts'): 293}
arrival_order symbol=BTC matched_source_seconds=239 prr_first=89 chainlink_first=150 ties=0 prr_first_pct=37.2 chainlink_first_pct=62.8 prr_lead_ms=n=89 min=3.4 median=158.8 p95=406.8 p99=658.2 max=837.9 chainlink_lead_ms=n=150 min=3.4 median=495.7 p95=733.8 p99=762.2 max=833.4 abs_price_drift_bps=n=239 min=0.0 median=0.2 p95=1.4 p99=2.0 max=2.8
arrival_order symbol=ETH matched_source_seconds=238 prr_first=87 chainlink_first=151 ties=0 prr_first_pct=36.6 chainlink_first_pct=63.4 prr_lead_ms=n=87 min=7.7 median=149.4 p95=407.6 p99=631.8 max=838.4 chainlink_lead_ms=n=151 min=4.3 median=508.1 p95=736.8 p99=776.8 max=794.7 abs_price_drift_bps=n=238 min=0.0 median=0.5 p95=2.3 p99=3.8 max=4.3
arrival_order symbol=SOL matched_source_seconds=236 prr_first=88 chainlink_first=148 ties=0 prr_first_pct=37.3 chainlink_first_pct=62.7 prr_lead_ms=n=88 min=0.1 median=146.0 p95=338.4 p99=510.8 max=807.0 chainlink_lead_ms=n=148 min=1.5 median=512.1 p95=734.0 p99=789.6 max=795.9 abs_price_drift_bps=n=236 min=0.0 median=0.6 p95=3.2 p99=4.1 max=4.9
arrival_order symbol=XRP matched_source_seconds=239 prr_first=85 chainlink_first=154 ties=0 prr_first_pct=35.6 chainlink_first_pct=64.4 prr_lead_ms=n=85 min=26.7 median=159.6 p95=345.9 p99=504.6 max=819.0 chainlink_lead_ms=n=154 min=0.3 median=498.7 p95=747.2 p99=778.5 max=804.4 abs_price_drift_bps=n=239 min=0.0 median=0.5 p95=2.5 p99=4.3 max=6.0
